]0;/home/csbl/lubiana/ptbR(base) ]0;csbl@csbl-notebook: ~/lubiana/ptbR[01;32mcsbl@csbl-notebook[00m:[01;34m~/lubiana/ptbR[00m$ git confiig user.name "lubianat"[A(base) ]0;csbl@csbl-notebook: ~/lubiana/ptbR[01;32mcsbl@csbl-notebook[00m:[01;34m~/lubiana/ptbR[00m$ [K
[K[A[C[C[C[C[C[C[C[C[C[C[C[C[C[C[C[C[C[C[C[C[C[C[C[C[C[C[C[C[C[C[C[C[C[C[C[C[C[C[C[C[C[Cgit init [A
Initialized empty Git repository in /home/csbl/lubiana/ptbR/.git/
]0;/home/csbl/lubiana/ptbR(base) ]0;csbl@csbl-notebook: ~/lubiana/ptbR[01;32mcsbl@csbl-notebook[00m:[01;34m~/lubiana/ptbR[00m$ git add  .
]0;/home/csbl/lubiana/ptbR(base) ]0;csbl@csbl-notebook: ~/lubiana/ptbR[01;32mcsbl@csbl-notebook[00m:[01;34m~/lubiana/ptbR[00m$ git comm it -m 'PR[Krimeiro commit'

*** Please tell me who you are.

Run

  git config --global user.email "you@example.com"
  git config --global user.name "Your Name"

to set your account's default identity.
Omit --global to set the identity only in this repository.

fatal: unable to auto-detect email address (got 'csbl@csbl-notebook.(none)')
]0;/home/csbl/lubiana/ptbR(base) ]0;csbl@csbl-notebook: ~/lubiana/ptbR[01;32mcsbl@csbl-notebook[00m:[01;34m~/lubiana/ptbR[00m$ git commiit -m 'Primeiro commit'[A(base) ]0;csbl@csbl-notebook: ~/lubiana/ptbR[01;32mcsbl@csbl-notebook[00m:[01;34m~/lubiana/ptbR[00m$ [C[C[C[Cadd .[K[A(base) ]0;csbl@csbl-notebook: ~/lubiana/ptbR[01;32mcsbl@csbl-notebook[00m:[01;34m~/lubiana/ptbR[00m$ [C[C[C[Cinit [K[A[C[C[C[C[C[C[C[C[C[C[C[C[C[C[C[C[C[C[C[C[C[C[C[C[C[C[C[C[C[C[C[C[C[C[C[C[C[C[C[C[C[C[C[C[C[Cconfiig user.name "lubianat"[A(base) ]0;csbl@csbl-notebook: ~/lubiana/ptbR[01;32mcsbl@csbl-notebook[00m:[01;34m~/lubiana/ptbR[00m$ [C[C[C[C[C[C[Cgi[C[C[C[C[C[C[C[C[C[C[C[C[C[C[C[C[C[C[C[C[C[C[A(base) ]0;csbl@csbl-notebook: ~/lubiana/ptbR[01;32mcsbl@csbl-notebook[00m:[01;34m~/lubiana/ptbR[00m$ [C[C[C[C[C[C[Cfi[C[C[C[C[C[C[Cemail "tiagolubiana@hotmail.com"
]0;/home/csbl/lubiana/ptbR(base) ]0;csbl@csbl-notebook: ~/lubiana/ptbR[01;32mcsbl@csbl-notebook[00m:[01;34m~/lubiana/ptbR[00m$ git confiig user.email "tiagolubiana@hotmail.com"[A(base) ]0;csbl@csbl-notebook: ~/lubiana/ptbR[01;32mcsbl@csbl-notebook[00m:[01;34m~/lubiana/ptbR[00m$ [C[C[C[C[C[Cmmi[17Pt -m 'Primeiro commit'[A(base) ]0;csbl@csbl-notebook: ~/lubiana/ptbR[01;32mcsbl@csbl-notebook[00m:[01;34m~/lubiana/ptbR[00m$ [C[C[C[Cadd .[K[A(base) ]0;csbl@csbl-notebook: ~/lubiana/ptbR[01;32mcsbl@csbl-notebook[00m:[01;34m~/lubiana/ptbR[00m$ [C[C[C[Cinit [K[A[C[C[C[C[C[C[C[C[C[C[C[C[C[C[C[C[C[C[C[C[C[C[C[C[C[C[C[C[C[C[C[C[C[C[C[C[C[C[C[C[C[C[C[C[C[Cconfiig user.name "lubianat"[A(base) ]0;csbl@csbl-notebook: ~/lubiana/ptbR[01;32mcsbl@csbl-notebook[00m:[01;34m~/lubiana/ptbR[00m$ [C[C[C[C[C[C[Cgi[C[C[C[C[C[C[C[C[C[C[C[C[C[C[C[C[C[C[C[C[C[C[A(base) ]0;csbl@csbl-notebook: ~/lubiana/ptbR[01;32mcsbl@csbl-notebook[00m:[01;34m~/lubiana/ptbR[00m$ [C[C[C[C[C[C[Cfi[C[C[C[C[C[C[Cemail "tiagolubiana@hotmail.com"[A(base) ]0;csbl@csbl-notebook: ~/lubiana/ptbR[01;32mcsbl@csbl-notebook[00m:[01;34m~/lubiana/ptbR[00m$ [C[C[C[C[C[C[Cgi[C[C[C[C[C[C[C[17Pname "lubianat"[A(base) ]0;csbl@csbl-notebook: ~/lubiana/ptbR[01;32mcsbl@csbl-notebook[00m:[01;34m~/lubiana/ptbR[00m$ [C[C[C[C[C[C[Cfi[C[C[C[C[C[C[Cemail "tiagolubiana@hotmail.com"[A(base) ]0;csbl@csbl-notebook: ~/lubiana/ptbR[01;32mcsbl@csbl-notebook[00m:[01;34m~/lubiana/ptbR[00m$ [C[C[C[C[C[C[Cgi[C[C[C[C[C[C[C[17Pname "lubianat"[A(base) ]0;csbl@csbl-notebook: ~/lubiana/ptbR[01;32mcsbl@csbl-notebook[00m:[01;34m~/lubiana/ptbR[00m$ [C[C[C[C[C[C[Cfi[C[C[C[C[C[C[C[C[C[C[C[C[C[C[C[C[C[C[C[C[C[C
]0;/home/csbl/lubiana/ptbR(base) ]0;csbl@csbl-notebook: ~/lubiana/ptbR[01;32mcsbl@csbl-notebook[00m:[01;34m~/lubiana/ptbR[00m$ git confiig user.name "lubianat"[C[C[C[C[C[C[C[Cemail "tiagolubiana@hotmail.com"[A(base) ]0;csbl@csbl-notebook: ~/lubiana/ptbR[01;32mcsbl@csbl-notebook[00m:[01;34m~/lubiana/ptbR[00m$ [C[C[C[C[C[Cmmi[17Pt -m 'Primeiro commit'
[master (root-commit) 9e398d7] Primeiro commit
 23 files changed, 256 insertions(+)
 create mode 100644 .Rbuildignore
 create mode 100644 .Rproj.user/F70CC45D/console06/BA53D8D3
 create mode 100644 .Rproj.user/F70CC45D/console06/INDEX001
 create mode 100644 .Rproj.user/F70CC45D/sources/prop/47B7D4F0
 create mode 100644 .Rproj.user/F70CC45D/sources/prop/60F55A62
 create mode 100644 .Rproj.user/F70CC45D/sources/prop/776C5157
 create mode 100644 .Rproj.user/F70CC45D/sources/prop/INDEX
 create mode 100644 .Rproj.user/F70CC45D/sources/s-5FCD2FE/273D4DEE
 create mode 100644 .Rproj.user/F70CC45D/sources/s-5FCD2FE/273D4DEE-contents
 create mode 100644 .Rproj.user/F70CC45D/sources/s-5FCD2FE/77B2DAC5
 create mode 100644 .Rproj.user/F70CC45D/sources/s-5FCD2FE/77B2DAC5-contents
 create mode 100644 .Rproj.user/F70CC45D/sources/s-5FCD2FE/BC550FDE
 create mode 100644 .Rproj.user/F70CC45D/sources/s-5FCD2FE/BC550FDE-contents
 create mode 100644 .Rproj.user/F70CC45D/sources/s-5FCD2FE/lock_file
 create mode 100644 .Rproj.user/shared/notebooks/patch-chunk-names
 create mode 100644 .Rproj.user/shared/notebooks/paths
 create mode 100644 DESCRIPTION
 create mode 100644 NAMESPACE
 create mode 100644 R/cospe.R
 create mode 100644 R/hello.R
 create mode 100644 man/cospe.Rd
 create mode 100644 man/hello.Rd
 create mode 100644 ptbR.Rproj
]0;/home/csbl/lubiana/ptbR(base) ]0;csbl@csbl-notebook: ~/lubiana/ptbR[01;32mcsbl@csbl-notebook[00m:[01;34m~/lubiana/ptbR[00m$ ld
ld: no input files
]0;/home/csbl/lubiana/ptbR(base) ]0;csbl@csbl-notebook: ~/lubiana/ptbR[01;32mcsbl@csbl-notebook[00m:[01;34m~/lubiana/ptbR[00m$ ls
DESCRIPTION  [0m[01;34mman[0m  NAMESPACE  ptbR.Rproj  [01;34mR[0m
]0;/home/csbl/lubiana/ptbR(base) ]0;csbl@csbl-notebook: ~/lubiana/ptbR[01;32mcsbl@csbl-notebook[00m:[01;34m~/lubiana/ptbR[00m$ [K(base) ]0;csbl@csbl-notebook: ~/lubiana/ptbR[01;32mcsbl@csbl-notebook[00m:[01;34m~/lubiana/ptbR[00m$ git remote add origin https://github.com/user/lubiaanat.git
]0;/home/csbl/lubiana/ptbR(base) ]0;csbl@csbl-notebook: ~/lubiana/ptbR[01;32mcsbl@csbl-notebook[00m:[01;34m~/lubiana/ptbR[00m$ git push or[K[K[K[K[Kll o[Korigin
Username for 'https://github.com': lubianat
Password for 'https://lubianat@github.com': 
remote: Repository not found.
fatal: repository 'https://github.com/user/lubianat.git/' not found
]0;/home/csbl/lubiana/ptbR(base) ]0;csbl@csbl-notebook: ~/lubiana/ptbR[01;32mcsbl@csbl-notebook[00m:[01;34m~/lubiana/ptbR[00m$ git pull originremote add origin https://github.com/user/lubiaanat.git[A[C[C[C[C[C[C[C[C[C[C[C[C[C[C[C[C[C[C[C[C[C[C[C[C[C[C[C[C[C[C[C[C[C[C[C[C[C[C[C[C[C[C[C[C[C[C[C[C[C[C[C[C[C[C[C[C[C[C[C[C[C[C[C[C[C[C[C[C[C[C[C[C[C[C[C[C[C[C[C[C[C[C[C[C[C[C[C[C[C[C[Cdd origin https://github.com/user/lubian[1Pat.git[A(base) ]0;csbl@csbl-notebook: ~/lubiana/ptbR[01;32mcsbl@csbl-notebook[00m:[01;34m~/lubiana/ptbR[00m$ [C[C[C[C[C[C[C[C[C[C[C[C origin https://github.com/user/lubiana[1Pt.git[A(base) ]0;csbl@csbl-notebook: ~/lubiana/ptbR[01;32mcsbl@csbl-notebook[00m:[01;34m~/lubiana/ptbR[00m$ [C[C[C[C[C[C[C[C[C[C[C origin https://github.com/user/lubianat[1P.git[A(base) ]0;csbl@csbl-notebook: ~/lubiana/ptbR[01;32mcsbl@csbl-notebook[00m:[01;34m~/lubiana/ptbR[00m$ [C[C[C[C[C[C[C[C[C[C[Cs origin https://github.com/user/lubianat.git[A(base) ]0;csbl@csbl-notebook: ~/lubiana/ptbR[01;32mcsbl@csbl-notebook[00m:[01;34m~/lubiana/ptbR[00m$ [C[C[C[C[C[C[C[C[C[C[C[Ce origin https://github.com/user/lubianat.git[A(base) ]0;csbl@csbl-notebook: ~/lubiana/ptbR[01;32mcsbl@csbl-notebook[00m:[01;34m~/lubiana/ptbR[00m$ [C[C[C[C[C[C[C[C[C[C[C[C[Ct origin https://github.com/user/lubianat.git[A(base) ]0;csbl@csbl-notebook: ~/lubiana/ptbR[01;32mcsbl@csbl-notebook[00m:[01;34m~/lubiana/ptbR[00m$ [C[C[C[C[C[C[C[C[C[C[C[C[C[C- origin https://github.com/user/lubianat.git[A(base) ]0;csbl@csbl-notebook: ~/lubiana/ptbR[01;32mcsbl@csbl-notebook[00m:[01;34m~/lubiana/ptbR[00m$ [C[C[C[C[C[C[C[C[C[C[C[C[C[C[Cu origin https://github.com/user/lubianat.git[A(base) ]0;csbl@csbl-notebook: ~/lubiana/ptbR[01;32mcsbl@csbl-notebook[00m:[01;34m~/lubiana/ptbR[00m$ [C[C[C[C[C[C[C[C[C[C[C[C[C[C[C[Cr origin https://github.com/user/lubianat.git[A(base) ]0;csbl@csbl-notebook: ~/lubiana/ptbR[01;32mcsbl@csbl-notebook[00m:[01;34m~/lubiana/ptbR[00m$ [C[C[C[C[C[C[C[C[C[C[C[C[C[C[C[C[Cl origin https://github.com/user/lubianat.git[A(base) ]0;csbl@csbl-notebook: ~/lubiana/ptbR[01;32mcsbl@csbl-notebook[00m:[01;34m~/lubiana/ptbR[00m$ [C[C[C[C[C[C[C[C[C[C[C[C[C[C[C[C[C[CC origin https://github.com/user/lubianat.git[A(base) ]0;csbl@csbl-notebook: ~/lubiana/ptbR[01;32mcsbl@csbl-notebook[00m:[01;34m~/lubiana/ptbR[00m$ [C[C[C[C[C[C[C[C[C[C[C[C[C[C[C[C[C[C[C origin https://github.com/user/l[1Pubianat.git[A(base) ]0;csbl@csbl-notebook: ~/lubiana/ptbR[01;32mcsbl@csbl-notebook[00m:[01;34m~/lubiana/ptbR[00m$ [C[C[C[C[C[C[C[C[C[C[C[C[C[C[C[C[C[C[C[C[C[C[C[C[C[C[C[C[C[C[C[C[C[C[C[C[C[C[C[C[C[C[C[C[Cuser/lu[1Pbianat.git[A(base) ]0;csbl@csbl-notebook: ~/lubiana/ptbR[01;32mcsbl@csbl-notebook[00m:[01;34m~/lubiana/ptbR[00m$ [C[C[C[C[C[C[C[C[C[C[C[C[C[C[C[C[C[C[C[C[C[C[C[C[C[C[C[C[C[C[C[C[C[C[C[C[C[C[C[C[C[C[C[Cser/lub[1Pianat.git[A(base) ]0;csbl@csbl-notebook: ~/lubiana/ptbR[01;32mcsbl@csbl-notebook[00m:[01;34m~/lubiana/ptbR[00m$ [C[C[C[C[C[C[C[C[C[C[C[C[C[C[C[C[C[C[C[C[C[C[C[C[C[C[C[C[C[C[C[C[C[C[C[C[C[C[C[C[C[C[C[Cer/lubi[1Panat.git[A(base) ]0;csbl@csbl-notebook: ~/lubiana/ptbR[01;32mcsbl@csbl-notebook[00m:[01;34m~/lubiana/ptbR[00m$ [C[C[C[C[C[C[C[C[C[C[C[C[C[C[C[C[C[C[C[C[C[C[C[C[C[C[C[C[C[C[C[C[C[C[C[C[C[C[C[C[C[C[C[Cr/lubia[1Pnat.git[A(base) ]0;csbl@csbl-notebook: ~/lubiana/ptbR[01;32mcsbl@csbl-notebook[00m:[01;34m~/lubiana/ptbR[00m$ [C[C[C[C[C[C[C[C[C[C[C[C[C[C[C[C[C[C[C[C[C[C[C[C[C[C[C[C[C[C[C[C[C[C[C[C[C[C[C[C[C[C[C[C/lubian[1Pat.git[A(base) ]0;csbl@csbl-notebook: ~/lubiana/ptbR[01;32mcsbl@csbl-notebook[00m:[01;34m~/lubiana/ptbR[00m$ [C[C[C[C[C[C[C[C[C[C[C[C[C[C[C[C[C[C[C[C[C[C[C[C[C[C[C[C[C[C[C[C[C[C[C[C[C[C[C[C[C[C[C[Cpull origin[K
[K[A[C[C[C[C[C[C[C[C[C[C[C[C[C[C[C[C[C[C[C[C[C[C[C[C[C[C[C[C[C[C[C[C[C[C[C[C[C[C[C[C[C[C[C[C[C[C[C[C[C[C[C[C[C[C[C[C[Cremote set-url origin https://github.com/lubiannat.git/.gitp.gitt.gitb.gitR.git
]0;/home/csbl/lubiana/ptbR(base) ]0;csbl@csbl-notebook: ~/lubiana/ptbR[01;32mcsbl@csbl-notebook[00m:[01;34m~/lubiana/ptbR[00m$ git remote set-url origin https://github.com/lubiannat/ptbR.git[A(base) ]0;csbl@csbl-notebook: ~/lubiana/ptbR[01;32mcsbl@csbl-notebook[00m:[01;34m~/lubiana/ptbR[00m$ [C[C[C[Cpull origin[K
[K[A[C[C[C[C[C[C[C[C[C[C[C[C[C[C[C[C[C[C[C[C[C[C[C[C[C[C[C[C[C[C[C[C[C[C[C[C[C[C[C[C[C[C[C[C[C[C[C[C[C[C[C[C[C[C[C[C[C
warning: no common commits
remote: Enumerating objects: 4, done.[K
remote: Counting objects:  25% (1/4)   [Kremote: Counting objects:  50% (2/4)   [Kremote: Counting objects:  75% (3/4)   [Kremote: Counting objects: 100% (4/4)   [Kremote: Counting objects: 100% (4/4), done.[K
remote: Compressing objects:  25% (1/4)   [Kremote: Compressing objects:  50% (2/4)   [Kremote: Compressing objects:  75% (3/4)   [Kremote: Compressing objects: 100% (4/4)   [Kremote: Compressing objects: 100% (4/4), done.[K
remote: Total 4 (delta 0), reused 0 (delta 0), pack-reused 0[K
Unpacking objects:  25% (1/4)   Unpacking objects:  50% (2/4)   Unpacking objects:  75% (3/4)   Unpacking objects: 100% (4/4)   Unpacking objects: 100% (4/4), done.
From https://github.com/lubianat/ptbR
 * [new branch]      master     -> origin/master
You asked to pull from the remote 'origin', but did not specify
a branch. Because this is not the default configured remote
for your current branch, you must specify a branch on the command line.
]0;/home/csbl/lubiana/ptbR(base) ]0;csbl@csbl-notebook: ~/lubiana/ptbR[01;32mcsbl@csbl-notebook[00m:[01;34m~/lubiana/ptbR[00m$ ls
DESCRIPTION  [0m[01;34mman[0m  NAMESPACE  ptbR.Rproj  [01;34mR[0m
]0;/home/csbl/lubiana/ptbR(base) ]0;csbl@csbl-notebook: ~/lubiana/ptbR[01;32mcsbl@csbl-notebook[00m:[01;34m~/lubiana/ptbR[00m$ lsgit pull origin master
From https://github.com/lubianat/ptbR
 * branch            master     -> FETCH_HEAD
fatal: refusing to merge unrelated histories
]0;/home/csbl/lubiana/ptbR(base) ]0;csbl@csbl-notebook: ~/lubiana/ptbR[01;32mcsbl@csbl-notebook[00m:[01;34m~/lubiana/ptbR[00m$ git pull origin master[C[C[C[C[C[C[C[C[C[C[C[C[C[C --force
From https://github.com/lubianat/ptbR
 * branch            master     -> FETCH_HEAD
fatal: refusing to merge unrelated histories
]0;/home/csbl/lubiana/ptbR(base) ]0;csbl@csbl-notebook: ~/lubiana/ptbR[01;32mcsbl@csbl-notebook[00m:[01;34m~/lubiana/ptbR[00m$ git pull origin master --force[K[K[K[K[K[K[K[K git remote add origin https:://github.com/user/lubianat.git[A(base) ]0;csbl@csbl-notebook: ~/lubiana/ptbR[01;32mcsbl@csbl-notebook[00m:[01;34m~/lubiana/ptbR[00m$ [C[C[C[C[C[C[C[C[C[C[C[C[C[C[C[C[C[C[C[C[C[C[K
[K[A[C[C[C[C[C[C[C[C[C[C[C[C[C[C[C[C[C[C[C[C[C[C[C[C[C[C[C[C[C[C[C[C[C[C[C[C[C[C[C[C[C[C[C[C[C[C[C[C[C[C[C[C[C[C[C[C[C[C[C[C[C[C[C[C --alow-unrelated-u[Khistories
error: unknown option `alow-unrelated-histories'
usage: git pull [<options>] [<repository> [<refspec>...]]

    -v, --verbose         be more verbose
    -q, --quiet           be more quiet
    --progress            force progress reporting
    --recurse-submodules[=<on-demand>]
                          control for recursive fetching of submodules

Options related to merging
    -r, --rebase[=<false|true|preserve|interactive>]
                          incorporate changes by rebasing rather than merging
    -n                    do not show a diffstat at the end of the merge
    --stat                show a diffstat at the end of the merge
    --log[=<n>]           add (at most <n>) entries from shortlog to merge commit message
    --signoff[=...]       add Signed-off-by:
    --squash              create a single commit instead of doing a merge
    --commit              perform a commit if the merge succeeds (default)
    --edit                edit message before committing
    --ff                  allow fast-forward
    --ff-only             abort if fast-forward is not possible
    --verify-signatures   verify that the named commit has a valid GPG signature
    --autostash           automatically stash/stash pop before and after rebase
    -s, --strategy <strategy>
                          merge strategy to use
    -X, --strategy-option <option=value>
                          option for selected merge strategy
    -S, --gpg-sign[=<key-id>]
                          GPG sign commit
    --allow-unrelated-histories
                          allow merging unrelated histories

Options related to fetching
    --all                 fetch from all remotes
    -a, --append          append to .git/FETCH_HEAD instead of overwriting
    --upload-pack <path>  path to upload pack on remote end
    -f, --force           force overwrite of local branch
    -t, --tags            fetch all tags and associated objects
    -p, --prune           prune remote-tracking branches no longer on remote
    -j, --jobs[=<n>]      number of submodules pulled in parallel
    --dry-run             dry run
    -k, --keep            keep downloaded pack
    --depth <depth>       deepen history of shallow clone
    --unshallow           convert to a complete repository
    --update-shallow      accept refs that update .git/shallow
    --refmap <refmap>     specify fetch refmap
    -4, --ipv4            use IPv4 addresses only
    -6, --ipv6            use IPv6 addresses only

]0;/home/csbl/lubiana/ptbR(base) ]0;csbl@csbl-notebook: ~/lubiana/ptbR[01;32mcsbl@csbl-notebook[00m:[01;34m~/lubiana/ptbR[00m$ git pull origin master --alow-unrelated-histories[C[Clow-unrelated-histories [A(base) ]0;csbl@csbl-notebook: ~/lubiana/ptbR[01;32mcsbl@csbl-notebook[00m:[01;34m~/lubiana/ptbR[00m$ [C[C[C[C[C[C[C[C[C[C[C[C[C[C[C[C[C[C[C[C[C[C[C[C[C[C[C

From https://github.com/lubianat/ptbR
 * branch            master     -> FETCH_HEAD
hint: Waiting for your editor to close the file... [?2004h[23;0;0t[KMerge made by the 'recursive' strategy.
 .gitignore | 36 [32m++++++++++++++++++++++++++++++++++++[m
 LICENSE    | 21 [32m+++++++++++++++++++++[m
 2 files changed, 57 insertions(+)
 create mode 100644 .gitignore
 create mode 100644 LICENSE
]0;/home/csbl/lubiana/ptbR(base) ]0;csbl@csbl-notebook: ~/lubiana/ptbR[01;32mcsbl@csbl-notebook[00m:[01;34m~/lubiana/ptbR[00m$ git add .
]0;/home/csbl/lubiana/ptbR(base) ]0;csbl@csbl-notebook: ~/lubiana/ptbR[01;32mcsbl@csbl-notebook[00m:[01;34m~/lubiana/ptbR[00m$ git comi[Kmit -m "bla'[K"
[master 39333a6] bla
 7 files changed, 150 insertions(+), 10 deletions(-)
 rewrite .Rproj.user/F70CC45D/console06/INDEX001 (70%)
]0;/home/csbl/lubiana/ptbR(base) ]0;csbl@csbl-notebook: ~/lubiana/ptbR[01;32mcsbl@csbl-notebook[00m:[01;34m~/lubiana/ptbR[00m$ git push
fatal: The current branch master has no upstream branch.
To push the current branch and set the remote as upstream, use

    git push --set-upstream origin master

]0;/home/csbl/lubiana/ptbR(base) ]0;csbl@csbl-notebook: ~/lubiana/ptbR[01;32mcsbl@csbl-notebook[00m:[01;34m~/lubiana/ptbR[00m$ git push origin
fatal: The current branch master has no upstream branch.
To push the current branch and set the remote as upstream, use

    git push --set-upstream origin master

]0;/home/csbl/lubiana/ptbR(base) ]0;csbl@csbl-notebook: ~/lubiana/ptbR[01;32mcsbl@csbl-notebook[00m:[01;34m~/lubiana/ptbR[00m$ git push origin margin
error: src refspec margin does not match any.
error: failed to push some refs to 'https://github.com/lubianat/ptbR.git'
]0;/home/csbl/lubiana/ptbR(base) ]0;csbl@csbl-notebook: ~/lubiana/ptbR[01;32mcsbl@csbl-notebook[00m:[01;34m~/lubiana/ptbR[00m$ git push origin margin[C[C[C[C[C[C[C[C[1@ [1@-[1@-[1P[1@s
error: unknown switch `s'
usage: git push [<options>] [<repository> [<refspec>...]]

    -v, --verbose         be more verbose
    -q, --quiet           be more quiet
    --repo <repository>   repository
    --all                 push all refs
    --mirror              mirror all refs
    -d, --delete          delete refs
    --tags                push tags (can't be used with --all or --mirror)
    -n, --dry-run         dry run
    --porcelain           machine-readable output
    -f, --force           force updates
    --force-with-lease[=<refname>:<expect>]
                          require old value of ref to be at this value
    --recurse-submodules[=<check|on-demand|no>]
                          control recursive pushing of submodules
    --thin                use thin pack
    --receive-pack <receive-pack>
                          receive pack program
    --exec <receive-pack>
                          receive pack program
    -u, --set-upstream    set upstream for git pull/status
    --progress            force progress reporting
    --prune               prune locally removed refs
    --no-verify           bypass pre-push hook
    --follow-tags         push missing but relevant tags
    --signed[=<yes|no|if-asked>]
                          GPG sign the push
    --atomic              request atomic transaction on remote side
    -o, --push-option <server-specific>
                          option to transmit
    -4, --ipv4            use IPv4 addresses only
    -6, --ipv6            use IPv6 addresses only

]0;/home/csbl/lubiana/ptbR(base) ]0;csbl@csbl-notebook: ~/lubiana/ptbR[01;32mcsbl@csbl-notebook[00m:[01;34m~/lubiana/ptbR[00m$ git push -s origin margin[C[1@-[C[C[1@e[1@t[1@-[1@u[1@p[1@s[1@t[1@r[1@e[1@a[1@m
error: src refspec margin does not match any.
error: failed to push some refs to 'https://github.com/lubianat/ptbR.git'
]0;/home/csbl/lubiana/ptbR(base) ]0;csbl@csbl-notebook: ~/lubiana/ptbR[01;32mcsbl@csbl-notebook[00m:[01;34m~/lubiana/ptbR[00m$ git push --set-upstream origin margin[12Ps[C[C[C[C[C[C[C[C[C[C[C[C[C[C[3P[C[C[C[C[C[C[C[C[C[C[C[C[C
error: src refspec margin does not match any.
error: failed to push some refs to 'https://github.com/lubianat/ptbR.git'
]0;/home/csbl/lubiana/ptbR(base) ]0;csbl@csbl-notebook: ~/lubiana/ptbR[01;32mcsbl@csbl-notebook[00m:[01;34m~/lubiana/ptbR[00m$ git push origin margin[15@--set-upstream [C[C[C[C[C[C[C[C[C[C[C[C[C[12Ps[C[C[C[C[C[C[C[C[C[C[C[C[C[C[3P[C[C[C[C[C[C[C[C[C[C[C[C[C[K[K[K[K[K[K[K[K[K[K[K[K[K[K [K-[K -u origin
fatal: The current branch master has no upstream branch.
To push the current branch and set the remote as upstream, use

    git push --set-upstream origin master

]0;/home/csbl/lubiana/ptbR(base) ]0;csbl@csbl-notebook: ~/lubiana/ptbR[01;32mcsbl@csbl-notebook[00m:[01;34m~/lubiana/ptbR[00m$ git push -u origin master
Username for 'https://github.com': lubianat
Password for 'https://lubianat@github.com': 
Counting objects: 47, done.
Delta compression using up to 8 threads.
Compressing objects:   2% (1/42)   Compressing objects:   4% (2/42)   Compressing objects:   7% (3/42)   Compressing objects:   9% (4/42)   Compressing objects:  11% (5/42)   Compressing objects:  14% (6/42)   Compressing objects:  16% (7/42)   Compressing objects:  19% (8/42)   Compressing objects:  21% (9/42)   Compressing objects:  23% (10/42)   Compressing objects:  26% (11/42)   Compressing objects:  28% (12/42)   Compressing objects:  30% (13/42)   Compressing objects:  33% (14/42)   Compressing objects:  35% (15/42)   Compressing objects:  38% (16/42)   Compressing objects:  40% (17/42)   Compressing objects:  42% (18/42)   Compressing objects:  45% (19/42)   Compressing objects:  47% (20/42)   Compressing objects:  50% (21/42)   Compressing objects:  52% (22/42)   Compressing objects:  54% (23/42)   Compressing objects:  57% (24/42)   Compressing objects:  59% (25/42)   Compressing objects:  61% (26/42)   Compressing objects:  64% (27/42)   Compressing objects:  66% (28/42)   Compressing objects:  69% (29/42)   Compressing objects:  71% (30/42)   Compressing objects:  73% (31/42)   Compressing objects:  76% (32/42)   Compressing objects:  78% (33/42)   Compressing objects:  80% (34/42)   Compressing objects:  83% (35/42)   Compressing objects:  85% (36/42)   Compressing objects:  88% (37/42)   Compressing objects:  90% (38/42)   Compressing objects:  92% (39/42)   Compressing objects:  95% (40/42)   Compressing objects:  97% (41/42)   Compressing objects: 100% (42/42)   Compressing objects: 100% (42/42), done.
Writing objects:   2% (1/47)   Writing objects:   4% (2/47)   Writing objects:   6% (3/47)   Writing objects:   8% (4/47)   Writing objects:  10% (5/47)   Writing objects:  12% (6/47)   Writing objects:  14% (7/47)   Writing objects:  17% (8/47)   Writing objects:  19% (9/47)   Writing objects:  23% (11/47)   Writing objects:  25% (12/47)   Writing objects:  27% (13/47)   Writing objects:  29% (14/47)   Writing objects:  31% (15/47)   Writing objects:  34% (16/47)   Writing objects:  36% (17/47)   Writing objects:  38% (18/47)   Writing objects:  40% (19/47)   Writing objects:  42% (20/47)   Writing objects:  44% (21/47)   Writing objects:  48% (23/47)   Writing objects:  51% (24/47)   Writing objects:  53% (25/47)   Writing objects:  55% (26/47)   Writing objects:  57% (27/47)   Writing objects:  59% (28/47)   Writing objects:  61% (29/47)   Writing objects:  63% (30/47)   Writing objects:  65% (31/47)   Writing objects:  68% (32/47)   Writing objects:  70% (33/47)   Writing objects:  72% (34/47)   Writing objects:  74% (35/47)   Writing objects:  76% (36/47)   Writing objects:  78% (37/47)   Writing objects:  80% (38/47)   Writing objects:  82% (39/47)   Writing objects:  85% (40/47)   Writing objects:  87% (41/47)   Writing objects:  89% (42/47)   Writing objects:  91% (43/47)   Writing objects:  93% (44/47)   Writing objects:  95% (45/47)   Writing objects:  97% (46/47)   Writing objects: 100% (47/47)   Writing objects: 100% (47/47), 8.06 KiB | 589.00 KiB/s, done.
Total 47 (delta 9), reused 0 (delta 0)
remote: Resolving deltas:   0% (0/9)   [Kremote: Resolving deltas:  22% (2/9)   [Kremote: Resolving deltas:  33% (3/9)   [Kremote: Resolving deltas:  44% (4/9)   [Kremote: Resolving deltas:  55% (5/9)   [Kremote: Resolving deltas:  88% (8/9)   [Kremote: Resolving deltas: 100% (9/9)   [Kremote: Resolving deltas: 100% (9/9), done.[K
To https://github.com/lubianat/ptbR.git
   f7b8b0b..39333a6  master -> master
Branch 'master' set up to track remote branch 'master' from 'origin'.
]0;/home/csbl/lubiana/ptbR(base) ]0;csbl@csbl-notebook: ~/lubiana/ptbR[01;32mcsbl@csbl-notebook[00m:[01;34m~/lubiana/ptbR[00m$ [K(base) ]0;csbl@csbl-notebook: ~/lubiana/ptbR[01;32mcsbl@csbl-notebook[00m:[01
/lubiana/ptbR[01;32mcsbl@csbl-notebook[00m:[01;34m~/lubiana/ptbR[00m$ [K[A[A(base) ]0;csbl@csbl-notebook: ~/lubiana/ptbR[01;32mcsbl@csbl-notebook[00m:[01;34m~/lubiana/ptbR[00m$ GIT ADD[K[K[K[K[K[K[Ktid[K[K[Kgit add .
]0;/home/csbl/lubiana/ptbR(base) ]0;csbl@csbl-notebook: ~/lubiana/ptbR[01;32mcsbl@csbl-notebook[00m:[01;34m~/lubiana/ptbR[00m$ ls
DESCRIPTION  [0m[01;34mman[0m        ptbR.Rproj
LICENSE      NAMESPACE  [01;34mR[0m
]0;/home/csbl/lubiana/ptbR(base) ]0;csbl@csbl-notebook: ~/lubiana/ptbR[01;32mcsbl@csbl-notebook[00m:[01;34m~/lubiana/ptbR[00m$ git commit  -m [K[K [Km 'cos fun[K[K[K[K[K[K[Kfunçoc[K[Ko[Kao cos'
[master 104276d] funçao cos
 13 files changed, 143 insertions(+), 45 deletions(-)
 rewrite .Rproj.user/F70CC45D/console06/INDEX001 (70%)
 delete mode 100644 .Rproj.user/F70CC45D/sources/s-5FCD2FE/273D4DEE
 create mode 100644 man/cos.Rd
]0;/home/csbl/lubiana/ptbR(base) ]0;csbl@csbl-notebook: ~/lubiana/ptbR[01;32mcsbl@csbl-notebook[00m:[01;34m~/lubiana/ptbR[00m$ git push
Username for 'https://github.com': lubianat
Password for 'https://lubianat@github.com': 
Counting objects: 23, done.
Delta compression using up to 8 threads.
Compressing objects:   4% (1/22)   Compressing objects:   9% (2/22)   Compressing objects:  13% (3/22)   Compressing objects:  18% (4/22)   Compressing objects:  22% (5/22)   Compressing objects:  27% (6/22)   Compressing objects:  31% (7/22)   Compressing objects:  36% (8/22)   Compressing objects:  40% (9/22)   Compressing objects:  45% (10/22)   Compressing objects:  50% (11/22)   Compressing objects:  54% (12/22)   Compressing objects:  59% (13/22)   Compressing objects:  63% (14/22)   Compressing objects:  68% (15/22)   Compressing objects:  72% (16/22)   Compressing objects:  77% (17/22)   Compressing objects:  81% (18/22)   Compressing objects:  86% (19/22)   Compressing objects:  90% (20/22)   Compressing objects:  95% (21/22)   Compressing objects: 100% (22/22)   Compressing objects: 100% (22/22), done.
Writing objects:   4% (1/23)   Writing objects:   8% (2/23)   Writing objects:  13% (3/23)   Writing objects:  17% (4/23)   Writing objects:  21% (5/23)   Writing objects:  26% (6/23)   Writing objects:  30% (7/23)   Writing objects:  34% (8/23)   Writing objects:  39% (9/23)   Writing objects:  43% (10/23)   Writing objects:  47% (11/23)   Writing objects:  52% (12/23)   Writing objects:  56% (13/23)   Writing objects:  60% (14/23)   Writing objects:  65% (15/23)   Writing objects:  69% (16/23)   Writing objects:  73% (17/23)   Writing objects:  78% (18/23)   Writing objects:  82% (19/23)   Writing objects:  86% (20/23)   Writing objects:  91% (21/23)   Writing objects:  95% (22/23)   Writing objects: 100% (23/23)   Writing objects: 100% (23/23), 3.97 KiB | 508.00 KiB/s, done.
Total 23 (delta 7), reused 0 (delta 0)
remote: Resolving deltas:   0% (0/7)   [Kremote: Resolving deltas:  14% (1/7)   [Kremote: Resolving deltas:  28% (2/7)   [Kremote: Resolving deltas:  42% (3/7)   [Kremote: Resolving deltas:  57% (4/7)   [Kremote: Resolving deltas:  71% (5/7)   [Kremote: Resolving deltas:  85% (6/7)   [Kremote: Resolving deltas: 100% (7/7)   [Kremote: Resolving deltas: 100% (7/7), completed with 7 local objects.[K
To https://github.com/lubianat/ptbR.git
   39333a6..104276d  master -> master
]0;/home/csbl/lubiana/ptbR(base) ]0;csbl@csbl-notebook: ~/lubiana/ptbR[01;32mcsbl@csbl-notebook[00m:[01;34m~/lubiana/ptbR[00m$ git puu[Kll 
remote: Enumerating objects: 7, done.[K
remote: Counting objects:  14% (1/7)   [Kremote: Counting objects:  28% (2/7)   [Kremote: Counting objects:  42% (3/7)   [Kremote: Counting objects:  57% (4/7)   [Kremote: Counting objects:  71% (5/7)   [Kremote: Counting objects:  85% (6/7)   [Kremote: Counting objects: 100% (7/7)   [Kremote: Counting objects: 100% (7/7), done.[K
remote: Compressing objects:  33% (1/3)   [Kremote: Compressing objects:  66% (2/3)   [Kremote: Compressing objects: 100% (3/3)   [Kremote: Compressing objects: 100% (3/3), done.[K
remote: Total 4 (delta 1), reused 4 (delta 1), pack-reused 0[K
Unpacking objects:  25% (1/4)   Unpacking objects:  50% (2/4)   Unpacking objects:  75% (3/4)   Unpacking objects: 100% (4/4)   Unpacking objects: 100% (4/4), done.
From https://github.com/lubianat/ptbR
   104276d..b5befac  master     -> origin/master
Updating 104276d..b5befac
Fast-forward
 R/cospe.R | 211 [32m+++++++++++++++++++++++++++++++++++++++++++++++++++++++++++++++++++++++++++[m[31m-[m
 1 file changed, 210 insertions(+), 1 deletion(-)
]0;/home/csbl/lubiana/ptbR(base) ]0;csbl@csbl-notebook: ~/lubiana/ptbR[01;32mcsbl@csbl-notebook[00m:[01;34m~/lubiana/ptbR[00m$ la
DESCRIPTION  .gitignore  [0m[01;34mman[0m        ptbR.Rproj  .Rbuildignore
[01;34m.git[0m         LICENSE     NAMESPACE  [01;34mR[0m           [01;34m.Rproj.user[0m
]0;/home/csbl/lubiana/ptbR(base) ]0;csbl@csbl-notebook: ~/lubiana/ptbR[01;32mcsbl@csbl-notebook[00m:[01;34m~/lubiana/ptbR[00m$ ls
DESCRIPTION  LICENSE  [0m[01;34mman[0m  NAMESPACE  ptbR.Rproj  [01;34mR[0m
]0;/home/csbl/lubiana/ptbR(base) ]0;csbl@csbl-notebook: ~/lubiana/ptbR[01;32mcsbl@csbl-notebook[00m:[01;34m~/lubiana/ptbR[00m$ git[K[K[Kgit add .
[K(base) ]0;csbl@csbl-notebook: ~/lubiana/ptbR[01;32mcsbl@csbl-notebook[00m:[01;34m~/lubiana/ptbR[00m$ git dd[K[Kadd gera[K[K[K[KR/gerador_tipos_de_objeetos.R 
]0;/home/csbl/lubiana/ptbR(base) ]0;csbl@csbl-notebook: ~/lubiana/ptbR[01;32mcsbl@csbl-notebook[00m:[01;34m~/lubiana/ptbR[00m$ git commit -m "Brincando com g eradores automticos [K[K[K[K[K[Katicos de wrappers'
> ^C"

]0;/home/csbl/lubiana/ptbR]0;/home/csbl/lubiana/ptbR(base) ]0;csbl@csbl-notebook: ~/lubiana/ptbR[01;32mcsbl@csbl-notebook[00m:[01;34m~/lubiana/ptbR[00m$ git add .
]0;/home/csbl/lubiana/ptbR(base) ]0;csbl@csbl-notebook: ~/lubiana/ptbR[01;32mcsbl@csbl-notebook[00m:[01;34m~/lubiana/ptbR[00m$ git status
On branch master
Your branch is up to date with 'origin/master'.

Changes to be committed:
  (use "git reset HEAD <file>..." to unstage)

	[32mmodified:   .Rproj.user/F70CC45D/console06/BA53D8D3[m
	[32mmodified:   .Rproj.user/F70CC45D/console06/INDEX001[m
	[32mmodified:   .Rproj.user/F70CC45D/sources/prop/776C5157[m
	[32mmodified:   .Rproj.user/F70CC45D/sources/prop/INDEX[m
	[32mmodified:   .Rproj.user/shared/notebooks/paths[m
	[32mnew file:   R/gerador_tipos_de_objetos.R[m
	[32mmodified:   R/tipos_de_objetos.R[m

Changes not staged for commit:
  (use "git add <file>..." to update what will be committed)
  (use "git checkout -- <file>..." to discard changes in working directory)

	[31mmodified:   .Rproj.user/F70CC45D/console06/BA53D8D3[m

]0;/home/csbl/lubiana/ptbR(base) ]0;csbl@csbl-notebook: ~/lubiana/ptbR[01;32mcsbl@csbl-notebook[00m:[01;34m~/lubiana/ptbR[00m$ git commit 0m[K[K-m "add[K[Kdicionando nov ot[Ks tipos de objetos
> "
[master aec9cf3] adicionando novos tipos de objetos
 7 files changed, 92 insertions(+), 5 deletions(-)
 rewrite .Rproj.user/F70CC45D/console06/INDEX001 (85%)
 create mode 100644 R/gerador_tipos_de_objetos.R
]0;/home/csbl/lubiana/ptbR(base) ]0;csbl@csbl-notebook: ~/lubiana/ptbR[01;32mcsbl@csbl-notebook[00m:[01;34m~/lubiana/ptbR[00m$ git push
Username for 'https://github.com': ^C
]0;/home/csbl/lubiana/ptbR(base) ]0;csbl@csbl-notebook: ~/lubiana/ptbR[01;32mcsbl@csbl-notebook[00m:[01;34m~/lubiana/ptbR[00m$ git add *.R[Krd
fatal: pathspec '*.rd' did not match any files
]0;/home/csbl/lubiana/ptbR(base) ]0;csbl@csbl-notebook: ~/lubiana/ptbR[01;32mcsbl@csbl-notebook[00m:[01;34m~/lubiana/ptbR[00m$ git add *.rd[1Pd[KR[K[K[K.